// Jest Snapshot v1, https://goo.gl/fbAQLP

exports[`VideoPlayer renders video correctly 1`] = `
<Video
  paused={true}
  repeat={true}
  resizeMode="contain"
  source={
    Object {
      "uri": "https://commondatastorage.googleapis.com/gtv-videos-bucket/sample/ForBiggerBlazes.mp4",
    }
  }
  style={
    Object {
      "bottom": 0,
      "left": 0,
      "position": "absolute",
      "right": 0,
      "top": 0,
    }
  }
/>
`;
